// Jest Snapshot v1, https://goo.gl/fbAQLP

exports[`renders homepage unchanged 1`] = `
<div>
  <main
    class=""
  >
    <div
      class="fixed -top-full duration-[1200ms] z-40 bg-black/95 w-screen h-screen transition-all"
    />
    <div
      class="flex flex-col items-center lg:flex-row justify-normal lg:justify-normal  bg-white -top-1/2 w-[90%] h-[95%] md:w-[60%] md:h-[70%] rounded-xl absolute left-1/2 transform -translate-x-1/2 -translate-y-1/2 transition-all duration-1000 z-50"
    >
      <svg
        aria-hidden="true"
        class="svg-inline--fa fa-x fa-lg block absolute right-5 top-5 hover:cursor-pointer"
        data-icon="x"
        data-prefix="fas"
        focusable="false"
        role="img"
        viewBox="0 0 384 512"
        xmlns="http://www.w3.org/2000/svg"
      >
        <path
          d="M376.6 84.5c11.3-13.6 9.5-33.8-4.1-45.1s-33.8-9.5-45.1 4.1L192 206 56.6 43.5C45.3 29.9 25.1 28.1 11.5 39.4S-3.9 70.9 7.4 84.5L150.3 256 7.4 427.5c-11.3 13.6-9.5 33.8 4.1 45.1s33.8 9.5 45.1-4.1L192 306 327.4 468.5c11.3 13.6 31.5 15.4 45.1 4.1s15.4-31.5 4.1-45.1L233.7 256 376.6 84.5z"
          fill="currentColor"
        />
      </svg>
      <div
        class="hidden lg:block lg:w-[40%] lg:h-full lg:relative lg:rounded-l-xl"
      >
        <img
          alt="Mélange de fruits et légumes"
          class="rounded-l-xl"
          data-nimg="fill"
          decoding="async"
          loading="lazy"
          sizes="100vw"
          src="/_next/image?url=%2Fmodal-bg.jpeg&w=3840&q=75"
          srcset="/_next/image?url=%2Fmodal-bg.jpeg&w=640&q=75 640w, /_next/image?url=%2Fmodal-bg.jpeg&w=750&q=75 750w, /_next/image?url=%2Fmodal-bg.jpeg&w=828&q=75 828w, /_next/image?url=%2Fmodal-bg.jpeg&w=1080&q=75 1080w, /_next/image?url=%2Fmodal-bg.jpeg&w=1200&q=75 1200w, /_next/image?url=%2Fmodal-bg.jpeg&w=1920&q=75 1920w, /_next/image?url=%2Fmodal-bg.jpeg&w=2048&q=75 2048w, /_next/image?url=%2Fmodal-bg.jpeg&w=3840&q=75 3840w"
          style="position: absolute; height: 100%; width: 100%; left: 0px; top: 0px; right: 0px; bottom: 0px; color: transparent;"
        />
      </div>
      <div
        class="h-[70%] w-[90%] md:w-[70%] lg:w-[60%] text-center pt-2 relative lg:flex lg:flex-col lg:justify-center lg:items-center"
      >
        <div
          class="flex flex-col items-center my-4"
        >
          <div
            class="block h-[70px] w-[70px] relative"
          >
            <img
              alt="Adapato'diet"
              class="rounded-l-xl"
              data-nimg="fill"
              decoding="async"
              loading="lazy"
              sizes="100vw"
              src="/_next/image?url=%2Flogo.webp&w=3840&q=75"
              srcset="/_next/image?url=%2Flogo.webp&w=640&q=75 640w, /_next/image?url=%2Flogo.webp&w=750&q=75 750w, /_next/image?url=%2Flogo.webp&w=828&q=75 828w, /_next/image?url=%2Flogo.webp&w=1080&q=75 1080w, /_next/image?url=%2Flogo.webp&w=1200&q=75 1200w, /_next/image?url=%2Flogo.webp&w=1920&q=75 1920w, /_next/image?url=%2Flogo.webp&w=2048&q=75 2048w, /_next/image?url=%2Flogo.webp&w=3840&q=75 3840w"
              style="position: absolute; height: 100%; width: 100%; left: 0px; top: 0px; right: 0px; bottom: 0px; color: transparent;"
            />
          </div>
          <span
            class="font-fredoka font-bold text-xl"
          >
            ADAPTO'DIET
          </span>
        </div>
        <h2
          class="font-epilogue text-xl"
        >
          Inscription
        </h2>
        <form
          class="h-full py-5 flex flex-col justify-evenly items-center"
        >
          <div
            class="flex flex-col items-center lg:flex-row lg:justify-evenly w-full"
          >
            <div
              class="mt-6 lg:mt-0 w-[100%] lg:w-[45%]"
            >
              <div
                class="p-2 w-full h-9 border rounded-md border-black focus-within:border-2 focus-within:border-primary"
              >
                <input
                  class="w-[80%] focus-visible:outline-none"
                  name="nom"
                  placeholder="Nom"
                  type="text"
                />
                <svg
                  aria-hidden="true"
                  class="svg-inline--fa fa-user fa-lg ml-2"
                  data-icon="user"
                  data-prefix="fas"
                  focusable="false"
                  role="img"
                  viewBox="0 0 448 512"
                  xmlns="http://www.w3.org/2000/svg"
                >
                  <path
                    d="M224 256A128 128 0 1 0 224 0a128 128 0 1 0 0 256zm-45.7 48C79.8 304 0 383.8 0 482.3C0 498.7 13.3 512 29.7 512H418.3c16.4 0 29.7-13.3 29.7-29.7C448 383.8 368.2 304 269.7 304H178.3z"
                    fill="currentColor"
                  />
                </svg>
              </div>
            </div>
            <div
              class="mt-6 lg:mt-0 w-[100%] lg:w-[45%]"
            >
              <div
                class="p-2 w-full h-9 border rounded-md border-black focus-within:border-2 focus-within:border-primary"
              >
                <input
                  class="w-[80%] focus-visible:outline-none"
                  name="prenom"
                  placeholder="Prénom"
                  type="text"
                />
                <svg
                  aria-hidden="true"
                  class="svg-inline--fa fa-user fa-lg ml-2"
                  data-icon="user"
                  data-prefix="fas"
                  focusable="false"
                  role="img"
                  viewBox="0 0 448 512"
                  xmlns="http://www.w3.org/2000/svg"
                >
                  <path
                    d="M224 256A128 128 0 1 0 224 0a128 128 0 1 0 0 256zm-45.7 48C79.8 304 0 383.8 0 482.3C0 498.7 13.3 512 29.7 512H418.3c16.4 0 29.7-13.3 29.7-29.7C448 383.8 368.2 304 269.7 304H178.3z"
                    fill="currentColor"
                  />
                </svg>
              </div>
            </div>
          </div>
          <div
            class="flex flex-col items-center lg:flex-row lg:justify-evenly w-full"
          >
            <div
              class="mt-6 lg:mt-0 w-[100%] lg:w-[45%]"
            >
              <div
                class="p-2 w-full h-9 border rounded-md border-black focus-within:border-2 focus-within:border-primary"
              >
                <input
                  class="w-[80%] focus-visible:outline-none"
                  name="email"
                  placeholder="Email"
                  type="email"
                />
                <svg
                  aria-hidden="true"
                  class="svg-inline--fa fa-envelope fa-lg ml-2"
                  data-icon="envelope"
                  data-prefix="fas"
                  focusable="false"
                  role="img"
                  viewBox="0 0 512 512"
                  xmlns="http://www.w3.org/2000/svg"
                >
                  <path
                    d="M48 64C21.5 64 0 85.5 0 112c0 15.1 7.1 29.3 19.2 38.4L236.8 313.6c11.4 8.5 27 8.5 38.4 0L492.8 150.4c12.1-9.1 19.2-23.3 19.2-38.4c0-26.5-21.5-48-48-48H48zM0 176V384c0 35.3 28.7 64 64 64H448c35.3 0 64-28.7 64-64V176L294.4 339.2c-22.8 17.1-54 17.1-76.8 0L0 176z"
                    fill="currentColor"
                  />
                </svg>
              </div>
            </div>
            <div
              class="mt-6 lg:mt-0 w-[100%] lg:w-[45%]"
            >
              <div
                class="p-2 w-full h-9 border rounded-md border-black focus-within:border-2 focus-within:border-primary"
              >
                <input
                  class="w-[80%] focus-visible:outline-none"
                  name="password"
                  placeholder="Mot de passe"
                  type="password"
                />
                <svg
                  aria-hidden="true"
                  class="svg-inline--fa fa-lock fa-lg ml-2"
                  data-icon="lock"
                  data-prefix="fas"
                  focusable="false"
                  role="img"
                  viewBox="0 0 448 512"
                  xmlns="http://www.w3.org/2000/svg"
                >
                  <path
                    d="M144 144v48H304V144c0-44.2-35.8-80-80-80s-80 35.8-80 80zM80 192V144C80 64.5 144.5 0 224 0s144 64.5 144 144v48h16c35.3 0 64 28.7 64 64V448c0 35.3-28.7 64-64 64H64c-35.3 0-64-28.7-64-64V256c0-35.3 28.7-64 64-64H80z"
                    fill="currentColor"
                  />
                </svg>
              </div>
            </div>
          </div>
          <button
            class="mt-8 rounded-lg bg-primary text-white font-bold py-2 px-6 mr-6 transition"
            type="submit"
          >
            S'inscrire
          </button>
        </form>
      </div>
    </div>
    <div
      class="-top-full duration-[1200ms] w-screen h-screen fixed z-40 bg-black/95 transition-all "
    />
    <div
      class="flex flex-col items-center lg:flex-row justify-normal lg:justify-normal z-50 bg-white -top-1/2 w-[90%] h-[95%] md:w-[60%] lg:h-[70%] rounded-xl absolute left-1/2 transform -translate-y-1/2 -translate-x-1/2 transition-all duration-1000	"
    >
      <svg
        aria-hidden="true"
        class="svg-inline--fa fa-x fa-lg block absolute right-5 top-5 hover:cursor-pointer"
        data-icon="x"
        data-prefix="fas"
        focusable="false"
        role="img"
        viewBox="0 0 384 512"
        xmlns="http://www.w3.org/2000/svg"
      >
        <path
          d="M376.6 84.5c11.3-13.6 9.5-33.8-4.1-45.1s-33.8-9.5-45.1 4.1L192 206 56.6 43.5C45.3 29.9 25.1 28.1 11.5 39.4S-3.9 70.9 7.4 84.5L150.3 256 7.4 427.5c-11.3 13.6-9.5 33.8 4.1 45.1s33.8 9.5 45.1-4.1L192 306 327.4 468.5c11.3 13.6 31.5 15.4 45.1 4.1s15.4-31.5 4.1-45.1L233.7 256 376.6 84.5z"
          fill="currentColor"
        />
      </svg>
      <div
        class="hidden lg:block lg:w-[40%] lg:h-full lg:relative lg:rounded-l-xl"
      >
        <img
          alt="Mélange de fruits et légumes"
          class="rounded-l-xl"
          data-nimg="fill"
          decoding="async"
          loading="lazy"
          sizes="100vw"
          src="/_next/image?url=%2Fmodal-bg.jpeg&w=3840&q=75"
          srcset="/_next/image?url=%2Fmodal-bg.jpeg&w=640&q=75 640w, /_next/image?url=%2Fmodal-bg.jpeg&w=750&q=75 750w, /_next/image?url=%2Fmodal-bg.jpeg&w=828&q=75 828w, /_next/image?url=%2Fmodal-bg.jpeg&w=1080&q=75 1080w, /_next/image?url=%2Fmodal-bg.jpeg&w=1200&q=75 1200w, /_next/image?url=%2Fmodal-bg.jpeg&w=1920&q=75 1920w, /_next/image?url=%2Fmodal-bg.jpeg&w=2048&q=75 2048w, /_next/image?url=%2Fmodal-bg.jpeg&w=3840&q=75 3840w"
          style="position: absolute; height: 100%; width: 100%; left: 0px; top: 0px; right: 0px; bottom: 0px; color: transparent;"
        />
      </div>
      <div
        class="h-[70%] w-[90%] md:w-[70%] lg:w-[60%] text-center pt-2 relative lg:flex lg:flex-col lg:justify-center lg:items-center"
      >
        <div
          class="flex flex-col items-center my-4"
        >
          <div
            class="block h-[70px] w-[70px] relative"
          >
            <img
              alt="Adapato'diet"
              class="rounded-l-xl"
              data-nimg="fill"
              decoding="async"
              loading="lazy"
              sizes="100vw"
              src="/_next/image?url=%2Flogo.webp&w=3840&q=75"
              srcset="/_next/image?url=%2Flogo.webp&w=640&q=75 640w, /_next/image?url=%2Flogo.webp&w=750&q=75 750w, /_next/image?url=%2Flogo.webp&w=828&q=75 828w, /_next/image?url=%2Flogo.webp&w=1080&q=75 1080w, /_next/image?url=%2Flogo.webp&w=1200&q=75 1200w, /_next/image?url=%2Flogo.webp&w=1920&q=75 1920w, /_next/image?url=%2Flogo.webp&w=2048&q=75 2048w, /_next/image?url=%2Flogo.webp&w=3840&q=75 3840w"
              style="position: absolute; height: 100%; width: 100%; left: 0px; top: 0px; right: 0px; bottom: 0px; color: transparent;"
            />
          </div>
          <span
            class="font-fredoka font-bold text-xl"
          >
            ADAPTO'DIET
          </span>
        </div>
        <h2
          class="font-epilogue text-xl"
        >
          Connexion
        </h2>
        <form
          class="h-full py-5 flex flex-col justify-evenly items-center"
        >
          <div
            class="flex flex-col items-center w-full"
          >
            <div
              class="mt-6 lg:mt-0 w-[100%]"
            >
              <div
                class="p-2 w-full h-9 border rounded-md border-black focus-within:border-2 focus-within:border-primary transition-all"
              >
                <input
                  class="w-[80%] focus-visible:outline-none"
                  name="email"
                  placeholder="Email"
                  type="text"
                />
                <svg
                  aria-hidden="true"
                  class="svg-inline--fa fa-user fa-lg ml-2"
                  data-icon="user"
                  data-prefix="fas"
                  focusable="false"
                  role="img"
                  viewBox="0 0 448 512"
                  xmlns="http://www.w3.org/2000/svg"
                >
                  <path
                    d="M224 256A128 128 0 1 0 224 0a128 128 0 1 0 0 256zm-45.7 48C79.8 304 0 383.8 0 482.3C0 498.7 13.3 512 29.7 512H418.3c16.4 0 29.7-13.3 29.7-29.7C448 383.8 368.2 304 269.7 304H178.3z"
                    fill="currentColor"
                  />
                </svg>
              </div>
            </div>
            <div
              class="mt-6 w-[100%]"
            >
              <div
                class="p-2 w-full h-9 border rounded-md border-black focus-within:border-2 focus-within:border-primary transition-all"
              >
                <input
                  class="w-[80%] focus-visible:outline-none"
                  name="password"
                  placeholder="Mot de passe"
                  type="text"
                />
                <svg
                  aria-hidden="true"
                  class="svg-inline--fa fa-lock fa-lg ml-2"
                  data-icon="lock"
                  data-prefix="fas"
                  focusable="false"
                  role="img"
                  viewBox="0 0 448 512"
                  xmlns="http://www.w3.org/2000/svg"
                >
                  <path
                    d="M144 144v48H304V144c0-44.2-35.8-80-80-80s-80 35.8-80 80zM80 192V144C80 64.5 144.5 0 224 0s144 64.5 144 144v48h16c35.3 0 64 28.7 64 64V448c0 35.3-28.7 64-64 64H64c-35.3 0-64-28.7-64-64V256c0-35.3 28.7-64 64-64H80z"
                    fill="currentColor"
                  />
                </svg>
              </div>
            </div>
          </div>
          <button
            class="mt-8 rounded-lg bg-primary text-white font-bold py-2 px-6 mr-6 transition"
            type="submit"
          >
            Se connecter
          </button>
        </form>
      </div>
    </div>
    <div
      class="fixed top-0 bg-white z-30 flex justify-between items-center px-6 py-7 lg:py-10 w-full h-14 border-b-2 shadow border-black/20"
    >
      <div
        class="flex items-center"
        id="logo"
      >
        <div
          class="h-fit"
        >
          <span
            class="font-fredoka font-bold lg:text-2xl"
          >
            ADAPTO'DIET
          </span>
        </div>
        <div
          class="ml-2 h-6 lg:h-8 w-8 lg:w-10 relative"
        >
          <img
            alt="adapto'diet"
            data-nimg="fill"
            decoding="async"
            loading="lazy"
            sizes="100vw"
            src="/_next/image?url=%2Flogo.webp&w=3840&q=75"
            srcset="/_next/image?url=%2Flogo.webp&w=640&q=75 640w, /_next/image?url=%2Flogo.webp&w=750&q=75 750w, /_next/image?url=%2Flogo.webp&w=828&q=75 828w, /_next/image?url=%2Flogo.webp&w=1080&q=75 1080w, /_next/image?url=%2Flogo.webp&w=1200&q=75 1200w, /_next/image?url=%2Flogo.webp&w=1920&q=75 1920w, /_next/image?url=%2Flogo.webp&w=2048&q=75 2048w, /_next/image?url=%2Flogo.webp&w=3840&q=75 3840w"
            style="position: absolute; height: 100%; width: 100%; left: 0px; top: 0px; right: 0px; bottom: 0px; color: transparent;"
          />
        </div>
      </div>
      <div
        class="h-fit w-fit flex"
      >
        <button
          class="rounded-lg bg-primary text-white font-bold p-2 mr-6 transition"
        >
          S'inscrire
        </button>
        <button
          class="rounded-lg border border-primary bg-white text-primary font-bold p-2"
        >
          Se connecter
        </button>
      </div>
    </div>
    <section
      class="h-full w-full lg:h-[85vh] lg:relative"
    >
      <div
        class="px-6 text-center mt-10 py-5 lg:absolute lg:top-1/2 lg:left-1/2 lg:-translate-x-1/2 lg:-translate-y-1/2"
      >
        <h1
          class="font-epilogue font-extrabold text-2xl lg:text-5xl"
        >
          Bienvenue sur ADAPTO’DIET
        </h1>
        <p
          class="font-inter mt-7 lg:mt-14 lg:text-xl"
        >
          Découvrez une expérience culinaire unique qui allie le plaisir de la gastronomie à une alimentation saine.
          <br />
          <br />
          Chez 
          <strong>
            ADAPTO’DIET
          </strong>
          , notre engagement est de vous offrir des recettes équilibrées et délicieuses, adaptées à tous les goûts.
        </p>
      </div>
    </section>
    <section
      class="h-full w-full lg:h-fit lg:flex lg:justify-center lg:align-center bg-primary text-white"
    >
      <div
        class="px-6 text-center mt-10 py-5 lg:w-[80%] lg:flex lg:mt-0 lg:items-center lg:justify-around"
      >
        <div
          class="h-32 relative mt-3 mb-6 mx-auto lg:basis-2/5 lg:w-full lg:h-80 lg:mt-0 lg:mx-0"
        >
          <img
            alt="Repas équilibré sur une assiette avec légumes et protéines"
            data-nimg="fill"
            decoding="async"
            loading="lazy"
            src="/plate.svg"
            style="position: absolute; height: 100%; width: 100%; left: 0px; top: 0px; right: 0px; bottom: 0px; color: transparent;"
          />
        </div>
        <div
          class="basis-1/2"
        >
          <h2
            class="font-epilogue font-extrabold text-lg lg:text-2xl lg:text-left lg:mt-5"
          >
            Une diététique Redéfinie
          </h2>
          <p
            class="font-inter mt-7 lg:text-xl lg:leading-7 lg:text-left"
          >
            Manger sain ne devrait jamais sacrifier la saveur.
            <br />
            Chez ADAPTO’DIET, nous redéfinissons la diététique en intégrant l'expertise culinaire.
            <br />
            <br />
            Profitez d'une variété de recettes gastronomiques qui prennent soin de votre bien-être.
          </p>
        </div>
      </div>
    </section>
    <section
      class="h-full w-full lg:h-fit lg:flex lg:justify-center lg:align-center"
    >
      <div
        class="px-6 text-center mt-10 py-5 lg:mt-0 lg:w-[80%] lg:flex lg:flex-row-reverse lg:items-center lg:justify-around"
      >
        <div
          class="w-60 h-32 relative mt-3 mb-6 mx-auto lg:basis-2/5 lg:h-64 lg:mt-0 lg:mx-0"
        >
          <img
            alt="Panier équilibré repmlit de légumes et protéines"
            data-nimg="fill"
            decoding="async"
            loading="lazy"
            sizes="100vw"
            src="/_next/image?url=%2FChars.webp&w=3840&q=75"
            srcset="/_next/image?url=%2FChars.webp&w=640&q=75 640w, /_next/image?url=%2FChars.webp&w=750&q=75 750w, /_next/image?url=%2FChars.webp&w=828&q=75 828w, /_next/image?url=%2FChars.webp&w=1080&q=75 1080w, /_next/image?url=%2FChars.webp&w=1200&q=75 1200w, /_next/image?url=%2FChars.webp&w=1920&q=75 1920w, /_next/image?url=%2FChars.webp&w=2048&q=75 2048w, /_next/image?url=%2FChars.webp&w=3840&q=75 3840w"
            style="position: absolute; height: 100%; width: 100%; left: 0px; top: 0px; right: 0px; bottom: 0px; color: transparent;"
          />
        </div>
        <div
          class="basis-1/2"
        >
          <h2
            class="font-epilogue font-extrabold text-lg lg:text-2xl lg:mt-5 lg:text-right"
          >
            Variété de Saveurs Santé
          </h2>
          <p
            class="font-inter mt-7 lg:text-xl lg:leading-7 lg:text-right"
          >
            Explorez nos menus diététiques diversifiés, élaborés pour s'adapter à toutes les préférences alimentaires.
            <br />
            <br />
            De la cuisine méditerranéenne aux options végétariennes, découvrez des recettes délicieuses adaptées à votre style de vie.
          </p>
        </div>
      </div>
    </section>
    <section
      class="h-full w-full lg:h-fit lg:flex lg:justify-center lg:align-center bg-primary text-white"
    >
      <div
        class="px-6 text-center mt-10 py-5 lg:mt-0 lg:w-[80%] lg:flex lg:items-center lg:justify-around"
      >
        <div
          class="w-60 h-32 relative mt-3 mb-6 mx-auto lg:basis-2/5 lg:h-80 lg:mt-0 lg:mx-0"
        >
          <img
            alt="Repas équilibré créé avec l'aide d'une intelligence artificielle"
            data-nimg="fill"
            decoding="async"
            loading="lazy"
            src="/robot.svg"
            style="position: absolute; height: 100%; width: 100%; left: 0px; top: 0px; right: 0px; bottom: 0px; color: transparent;"
          />
        </div>
        <div
          class="basis-1/2"
        >
          <h2
            class="font-epilogue font-extrabold text-lg lg:text-2xl lg:mt-5 lg:text-left"
          >
            Plans de Repas Personnalisés avec Expertise Virtuelle
          </h2>
          <p
            class="font-inter mt-7 lg:text-xl lg:leading-7 lg:text-left"
          >
            Notre particularité réside dans l'utilisation de l'expertise virtuelle pour créer des plans de repas personnalisés.
            <br />
             
            <br />
            Grâce à cela, ADAPTO’DIET assure que chaque repas contribue à votre bien-être tout en satisfaisant vos papilles.
          </p>
        </div>
      </div>
    </section>
    <section
      class="h-full w-full lg:h-fit lg:flex lg:justify-center lg:align-center"
    >
      <div
        class="px-6 text-center mt-10 py-5 lg:mt-0 lg:w-[80%] lg:flex lg:flex-row-reverse lg:items-center lg:justify-around"
      >
        <div
          class="w-60 h-64 relative mt-3 mb-6 mx-auto md:h-[23rem] lg:w-basis-1/3 lg:h-[30rem] lg:mt-0 lg:mx-0"
        >
          <img
            alt="Repas équilibré créé avec l'aide d'une intelligence artificielle"
            data-nimg="fill"
            decoding="async"
            loading="lazy"
            sizes="100vw"
            src="/_next/image?url=%2Fhealthy.webp&w=3840&q=75"
            srcset="/_next/image?url=%2Fhealthy.webp&w=640&q=75 640w, /_next/image?url=%2Fhealthy.webp&w=750&q=75 750w, /_next/image?url=%2Fhealthy.webp&w=828&q=75 828w, /_next/image?url=%2Fhealthy.webp&w=1080&q=75 1080w, /_next/image?url=%2Fhealthy.webp&w=1200&q=75 1200w, /_next/image?url=%2Fhealthy.webp&w=1920&q=75 1920w, /_next/image?url=%2Fhealthy.webp&w=2048&q=75 2048w, /_next/image?url=%2Fhealthy.webp&w=3840&q=75 3840w"
            style="position: absolute; height: 100%; width: 100%; left: 0px; top: 0px; right: 0px; bottom: 0px; color: transparent;"
          />
        </div>
        <div
          class="basis-1/2"
        >
          <h2
            class="font-epilogue font-extrabold text-lg lg:text-2xl lg:mt-5 lg:text-left"
          >
            Savourer la Gourmandise en Toute Santé
          </h2>
          <p
            class="font-inter mt-7 lg:text-xl lg:leading-7 lg:text-left"
          >
            Rejoignez-nous dans cette aventure culinaire où la gourmandise et la santé se rencontrent harmonieusement.
            <br />
            <br />
            <strong>
              ADAPTO'DIET
            </strong>
            vous accompagne dans votre quête d'un mode de vie équilibré, en mettant en avant le plaisir de la table tout en respectant vos objectifs diététiques.
          </p>
        </div>
      </div>
    </section>
    <section
      class="h-full w-full lg:h-[30vh] lg:relative bg-primary text-white"
    >
      <div
        class="lg:w-[90%] px-6 text-center mt-10 py-5 lg:absolute lg:top-1/2 lg:left-1/2 lg:-translate-x-1/2 lg:-translate-y-1/2"
      >
        <p
          class="font-inter font-extrabold text-center md:text-lg lg:text-2xl lg:mt-5"
        >
          Commencez votre voyage avec ADAPTO’DIET, où chaque bouchée est une étape vers une vie plus saine et savoureuse!
        </p>
      </div>
    </section>
  </main>
</div>
`;
